// Jest Snapshot v1, https://goo.gl/fbAQLP

exports[`movie pages shows movie list 1`] = `"<div><h1>Movies</h1><div class=\\"movie\\"><h2>Don't look up (2021)</h2><p>Impending disaster, but will politicians act?</p></div><div class=\\"movie\\"><h2>Web development (2022)</h2><p>Johannes Codes, everyone is confused</p></div></div>"`;

exports[`movie pages shows movies list 1`] = `"<div><h1>Movies</h1><div class=\\"movie\\"><h2>Don't look up (2021)</h2><p>Impending disaster, but will politicians act?</p></div><div class=\\"movie\\"><h2>Web development (2022)</h2><p>Johannes Codes, everyone is confused</p></div></div>"`;

exports[`movies application show new movie form 1`] = `"<form><h1>Add new movie</h1><div>Title: <input data-testid=\\"title\\" value=\\"\\"></div><div>Year: <input data-testid=\\"year\\" value=\\"\\"></div><div>Plot:<div><textarea data-testid=\\"plot\\"></textarea></div></div></form>"`;

exports[`movies application shows movie list 1`] = `"<div><h1>List movies</h1><ul><li>Movie 1</li><li>Movie 2</li></ul></div>"`;
